---
source: src/tui/sidebar.rs
expression: output
---
┌ Sessions (0) ──────────────┐
│                            │
│                            │
│                            │
│                            │
│                            │
│                            │
│                            │
│                            │
└────────────────────────────┘
