---
source: src/tui/sidebar.rs
expression: output
---
┌ Sessions (1) ──────────────┐
│▸○ my-session [starting]    │
│                            │
│                            │
│                            │
│                            │
│                            │
│                            │
│                            │
└────────────────────────────┘
