---
source: src/tui/main_area.rs
expression: output
---
┌ test-session ────────────────────────────────────────────┐
│hello world                                               │
│line 2                                                    │
│line 3                                                    │
│                                                          │
│                                                          │
│                                                          │
│                                                          │
│                                                          │
└──────────────────────────────────────────────────────────┘
