---
source: src/tui/sidebar.rs
expression: output
---
┌ Sessions (2) ──────────────┐
│▸◐ session-a [running]      │
│ ◐ session-b [running]      │
│                            │
│                            │
│                            │
│                            │
│                            │
│                            │
└────────────────────────────┘
