---
source: src/tui/dialogs.rs
expression: output
---




          ┌ New Session ─────────────────────────────────────────────┐
          │ Nickname:                                                │
          │  my-session                                              │
          │ Provider:                                                │
          │    Claude Code                                           │
          │ Directory:                                               │
          │  /home/user/project                                      │
          │ Worktree:                                                │
          │  [ ] isolate in git worktree                             │
          │ Prompt:                                                  │
          │  fix the tests                                           │
          │                                                          │
          │                                                          │
          │ Enter:launch  Tab:next field  Esc:cancel                 │
          └──────────────────────────────────────────────────────────┘
