---
source: src/tui/dialogs.rs
expression: output
---




          ┌ New Session ─────────────────────────────────────────────┐
          │ Nickname:                                                │
          │  sess                                                    │
          │ Provider:                                                │
          │    Claude Code                                           │
          │ Directory:                                               │
          │                                                          │
          │ Worktree:                                                │
          │  [ ] isolate in git worktree                             │
          │ Prompt:                                                  │
          │  set of characters it overflows all the way to the right │
          │                                                          │
          │                                                          │
          │ Enter:launch  Tab:next field  Esc:cancel                 │
          └──────────────────────────────────────────────────────────┘
