---
source: src/app.rs
expression: output
---
┌ herald ──────────────────────────────────────────────┐┌ Sessions (1) ────────┐
│                                                      ││ ○ test [starting]    │
│                                                      ││                      │
│                                                      ││                      │
│                                                      ││                      │
│                                                      ││                      │
│         ┌ New Session ─────────────────────────────────────────────┐         │
│         │ Nickname:                                                │         │
│         │  new-task                                                │         │
│         │ Directory:                                               │         │
│         │                                                          │         │
│         │ Prompt:                                                  │         │
│         │                                                          │         │
│         │                                                          │         │
│         │                                                          │         │
│         │ Enter:next  Tab:next field  Esc:cancel                   │         │
│         └──────────────────────────────────────────────────────────┘         │
│                                                      ││                      │
│                                                      ││                      │
│                                                      ││                      │
│                                                      ││                      │
│                                                      ││                      │
└──────────────────────────────────────────────────────┘│                      │
 herald  NEW SESSION  | 1 sessions | all clear | q:quit └──────────────────────┘
